[2026-09-04 12:38:13] === Weekly Hedge Fund Tracker run starting ===
[2026-09-04 12:38:13] Running fetch-all...
Fetching 13F filings for Duquesne Family Office LLC (Stanley Druckenmiller)...
Latest filing: 2026-08-14 for period 2026-06-30
Saved 95 holdings ($5,210,856 total) -> C:\Users\adebe\OneDrive\Desktop\Markets\dayTrading\HedgeFundTracker\data\druckenmiller\2026-06-30.csv

Top 10 holdings by reported value:
  Natera Inc                          $        864,923      3,186,306 sh
  Taiwan Semiconductor Manufac        $        281,613        589,680 sh
  Stmicroelectronics N V              $        232,375      3,102,880 sh
  Invesco Exchange Traded Fd T        $        174,684        821,000 sh
  Insmed Inc                          $        151,900      1,424,690 sh
  Ishares Inc                         $        145,866      4,228,000 sh
  Insmed Inc                          $        143,937      1,350,000 sh
  Ypf Sociedad Anonima                $        142,726      3,138,897 sh
  Amazon Com Inc                      $        129,085        541,600 sh
  Bbb Foods Inc                       $        120,915      2,901,733 sh

Fetching 13F filings for Soros Fund Management LLC (George Soros)...
Latest filing: 2026-08-14 for period 2026-06-30
Saved 266 holdings ($8,143,628,824 total) -> C:\Users\adebe\OneDrive\Desktop\Markets\dayTrading\HedgeFundTracker\data\soros\2026-06-30.csv

Top 10 holdings by reported value:
  AMAZON COM INC                      $    281,843,962      1,182,529 sh
  TAIWAN SEMICONDUCTOR MANUFAC        $    249,366,996        522,158 sh
  GLOBAL PMTS INC                     $    222,694,485    247,500,000 sh
  ALPHABET INC                        $    213,094,728        596,286 sh
  NVIDIA CORPORATION                  $    213,022,817      1,064,635 sh
  ELECTRONIC ARTS INC                 $    199,091,790        970,990 sh
  BILL HOLDINGS INC                   $    181,356,254    209,679,000 sh
  PG&E CORP                           $    179,601,903    175,000,000 sh
  RIVIAN AUTOMOTIVE INC               $    155,838,659    131,565,000 sh
  APPLE INC                           $    153,227,116        529,538 sh

Fetching 13F filings for Berkshire Hathaway Inc (Warren Buffett)...
Latest filing: 2026-08-14 for period 2026-06-30
Saved 89 holdings ($299,253,556,246 total) -> C:\Users\adebe\OneDrive\Desktop\Markets\dayTrading\HedgeFundTracker\data\buffett\2026-06-30.csv

Top 10 holdings by reported value:
  AMERICAN EXPRESS CO                 $ 50,419,898,471    149,061,045 sh
  ALPHABET INC                        $ 23,523,689,772     65,824,467 sh
  APPLE INC                           $ 23,341,172,315     80,664,820 sh
  COCA COLA CO                        $ 22,976,876,186    282,722,729 sh
  APPLE INC                           $ 17,808,079,008     61,542,988 sh
  BANK OF AMER CORP                   $ 17,595,909,185    308,808,515 sh
  OCCIDENTAL PETE CORP                $ 12,868,205,304    264,941,431 sh
  CHUBB LIMITED                       $ 11,670,066,615     34,249,183 sh
  APPLE INC                           $ 10,047,736,640     34,724,000 sh
  CHEVRON CORPORATION                 $  9,655,809,914     58,251,749 sh

Fetching 13F filings for Appaloosa LP (David Tepper)...
Latest filing: 2026-08-14 for period 2026-06-30
Saved 27 holdings ($7,725,383,349 total) -> C:\Users\adebe\OneDrive\Desktop\Markets\dayTrading\HedgeFundTracker\data\appaloosa\2026-06-30.csv

Top 10 holdings by reported value:
  AMAZON COM INC                      $  1,191,700,000      5,000,000 sh
  MICRON TECHNOLOGY INC               $  1,125,432,750        975,000 sh
  TAIWAN SEMICONDUCTOR MANUFAC        $    787,990,500      1,650,000 sh
  ALPHABET INC                        $    653,660,500      1,850,000 sh
  UBER TECHNOLOGIES INC               $    555,204,163      7,694,071 sh
  ISHARES INC                         $    489,607,500      2,425,000 sh
  META PLATFORMS INC                  $    380,220,750        675,000 sh
  VISTRA CORP                         $    351,408,597      2,215,272 sh
  NVIDIA CORPORATION                  $    305,137,250      1,525,000 sh
  NRG ENERGY INC                      $    257,065,600      1,760,000 sh

Fetching 13F filings for Baupost Group LLC (Seth Klarman)...
Latest filing: 2026-08-13 for period 2026-06-30
Saved 23 holdings ($5,415,853 total) -> C:\Users\adebe\OneDrive\Desktop\Markets\dayTrading\HedgeFundTracker\data\baupost\2026-06-30.csv

Top 10 holdings by reported value:
  AMAZON COM INC                      $        892,310      3,743,854 sh
  ELEVANCE HEALTH INC FORMERLY        $        493,140      1,275,154 sh
  RESTAURANT BRANDS INTL INC          $        489,612      6,753,112 sh
  ALPHABET INC                        $        484,744      1,371,931 sh
  FERGUSON ENTERPRISES INC            $        344,269      1,450,594 sh
  GENUINE PARTS CO                    $        332,253      2,816,178 sh
  UNION PAC CORP                      $        322,427      1,185,395 sh
  VISA INC                            $        240,628        701,355 sh
  WESCO INTL INC                      $        228,979        662,881 sh
  AON PLC                             $        227,871        687,000 sh

Fetching 13F filings for Pershing Square Capital Management LP (Bill Ackman)...
Latest filing: 2026-05-15 for period 2026-03-31
Saved 11 holdings ($13,714,299,861 total) -> C:\Users\adebe\OneDrive\Desktop\Markets\dayTrading\HedgeFundTracker\data\pershing_square\2026-03-31.csv

Top 10 holdings by reported value:
  BROOKFIELD CORP                     $  2,415,946,008     59,697,208 sh
  AMAZON COM INC                      $  2,385,104,083     11,451,981 sh
  UBER TECHNOLOGIES INC               $  2,154,934,398     29,958,771 sh
  MICROSOFT CORP                      $  2,092,970,053      5,654,078 sh
  RESTAURANT BRANDS INTL INC          $  1,673,501,194     22,645,483 sh
  META PLATFORMS INC                  $  1,522,358,404      2,660,861 sh
  HOWARD HUGHES HOLDINGS INC          $  1,192,581,569     18,852,064 sh
  SEAPORT ENTMT GROUP INC             $    107,910,794      5,023,780 sh
  ALPHABET INC                        $     89,421,720        311,726 sh
  HERTZ GLOBAL HLDGS INC              $     70,261,595     15,241,127 sh

Fetching 13F filings for Bridgewater Associates LP (Ray Dalio (founder; multi-CIO since))...
Latest filing: 2026-08-14 for period 2026-06-30
Saved 997 holdings ($24,376,086,530 total) -> C:\Users\adebe\OneDrive\Desktop\Markets\dayTrading\HedgeFundTracker\data\bridgewater\2026-06-30.csv

Top 10 holdings by reported value:
  STATE STR SPDR S&P 500 ETF T        $  3,973,046,405      5,320,308 sh
  ISHARES TR                          $  2,248,381,963      3,002,286 sh
  NVIDIA CORPORATION                  $    773,586,958      3,866,195 sh
  BROADCOM INC                        $    497,845,413      1,317,923 sh
  AMAZON COM INC                      $    482,753,142      2,025,481 sh
  ALPHABET INC                        $    472,506,037      1,322,176 sh
  LAM RESEARCH CORP                   $    406,560,606        938,224 sh
  VANGUARD INDEX FDS                  $    314,820,655        458,381 sh
  ADVANCED MICRO DEVICES INC          $    312,896,715        538,632 sh
  ISHARES INC                         $    279,585,467      1,384,772 sh

Fetching 13F filings for Renaissance Technologies LLC (Jim Simons (founder; d. 2024))...
Latest filing: 2026-08-13 for period 2026-06-30
Saved 3140 holdings ($72,617,871,974 total) -> C:\Users\adebe\OneDrive\Desktop\Markets\dayTrading\HedgeFundTracker\data\renaissance\2026-06-30.csv

Top 10 holdings by reported value:
  NVIDIA CORPORATION                  $  1,418,869,170      7,091,256 sh
  META PLATFORMS INC                  $  1,139,611,745      2,023,153 sh
  INTEL CORP                          $  1,022,356,867      7,321,928 sh
  UNITED THERAPEUTICS CORP DEL        $    925,846,052      1,708,739 sh
  PALANTIR TECHNOLOGIES INC           $    883,001,728      7,568,370 sh
  ALPHABET INC                        $    828,174,623      2,317,438 sh
  EXELIXIS INC                        $    730,617,099     13,427,993 sh
  VERISIGN INC                        $    616,264,393      2,449,771 sh
  KINROSS GOLD CORP                   $    584,529,171     24,747,213 sh
  CROWDSTRIKE HLDGS INC               $    571,561,334        748,960 sh

Fetching 13F filings for Greenlight Capital Inc (David Einhorn)...
Latest filing: 2024-02-14 for period 2023-12-31
Saved 116 holdings ($2,047,998,727 total) -> C:\Users\adebe\OneDrive\Desktop\Markets\dayTrading\HedgeFundTracker\data\greenlight\2023-12-31.csv

Top 10 holdings by reported value:
  GREEN BRICK PARTNERS INC            $    406,697,887      7,830,148 sh
  GREEN BRICK PARTNERS INC            $    142,325,469      2,740,190 sh
  CONSOL ENERGY INC NEW               $    107,345,230      1,067,793 sh
  BRIGHTHOUSE FINL INC                $     86,746,358      1,639,198 sh
  KYNDRYL HLDGS INC                   $     69,716,381      3,354,975 sh
  CONSOL ENERGY INC NEW               $     68,031,064        676,724 sh
  TENET HEALTHCARE CORP               $     51,858,477        686,231 sh
  THE ODP CORP                        $     49,571,193        880,483 sh
  ALIGHT INC                          $     44,565,156      5,224,520 sh
  GREEN BRICK PARTNERS INC            $     43,346,267        834,545 sh

Fetching 13F filings for Scion Asset Management LLC (Michael Burry)...
Latest filing: 2025-11-03 for period 2025-09-30
Saved 8 holdings ($1,381,198,076 total) -> C:\Users\adebe\OneDrive\Desktop\Markets\dayTrading\HedgeFundTracker\data\scion\2025-09-30.csv

Top 10 holdings by reported value:
  PALANTIR TECHNOLOGIES INC           $    912,100,000      5,000,000 sh
  NVIDIA CORPORATION                  $    186,580,000      1,000,000 sh
  PFIZER INC                          $    152,880,000      6,000,000 sh
  HALLIBURTON CO                      $     61,500,000      2,500,000 sh
  MOLINA HEALTHCARE INC               $     23,920,000        125,000 sh
  LULULEMON ATHLETICA INC             $     17,793,000        100,000 sh
  SLM CORP                            $     13,287,895        480,054 sh
  BRUKER CORP                         $     13,137,181         48,334 sh

[2026-09-04 12:38:28] Running theme_report.py...
Aggregating latest snapshots for all tracked funds...

# Hedge Fund Consensus Report -- 2026-09-04

Aggregates the latest public 13F filings of 10 tracked funds/investors into a single conviction-weighted ranking. Weighting combines each position's share of a fund's reported 13F portfolio with a qualitative 1-5 performance tier assigned to that fund (see funds.json for rationale per fund) -- **this is not investment advice, and the tiers are subjective judgments based on publicly known long-term track records, not computed returns.**

## Data freshness

- **Stanley Druckenmiller** (Duquesne Family Office LLC): period 2026-06-30
- **George Soros** (Soros Fund Management LLC): period 2026-06-30
- **Warren Buffett** (Berkshire Hathaway Inc): period 2026-06-30
- **David Tepper** (Appaloosa LP): period 2026-06-30
- **Seth Klarman** (Baupost Group LLC): period 2026-06-30
- **Bill Ackman** (Pershing Square Capital Management LP): period 2026-03-31
- **Ray Dalio (founder; multi-CIO since)** (Bridgewater Associates LP): period 2026-06-30
- **Jim Simons (founder; d. 2024)** (Renaissance Technologies LLC): period 2026-06-30
- **David Einhorn** (Greenlight Capital Inc): period 2023-12-31 -- **STALE**
- **Michael Burry** (Scion Asset Management LLC): period 2025-09-30 -- **STALE**

Stale flags mean that manager's most recent public 13F is well behind the others (over 120 days older than the newest filing in the group) -- their current snapshot may not reflect their actual present-day book.

## Top 25 consensus conviction holdings

(Broad-market index ETF/fund positions -- SPY, iShares, Vanguard, etc. -- are excluded here since they represent beta exposure, not a stock thesis; they're still counted in the sector rollup below.)

| # | Issuer | Score | # Funds | Held by |
|---|---|---|---|---|
| 1 | AMAZON COM INC | 2.610 | 7 | Bill Ackman, David Tepper, George Soros, Jim Simons, Ray Dalio, Seth Klarman, Stanley Druckenmiller |
| 2 | APPLE INC | 1.384 | 5 | David Tepper, George Soros, Jim Simons, Ray Dalio, Warren Buffett |
| 3 | PALANTIR TECHNOLOGIES INC | 1.357 | 2 | Jim Simons, Michael Burry |
| 4 | TAIWAN SEMICONDUCTOR MANUFAC | 1.002 | 5 | David Tepper, George Soros, Jim Simons, Ray Dalio, Stanley Druckenmiller |
| 5 | ALPHABET INC | 0.994 | 6 | Bill Ackman, David Tepper, Jim Simons, Ray Dalio, Seth Klarman, Warren Buffett |
| 6 | UBER TECHNOLOGIES INC | 0.992 | 3 | Bill Ackman, David Tepper, George Soros |
| 7 | AMERICAN EXPRESS CO | 0.859 | 3 | Jim Simons, Ray Dalio, Warren Buffett |
| 8 | RESTAURANT BRANDS INTL INC | 0.851 | 3 | Bill Ackman, Ray Dalio, Seth Klarman |
| 9 | NATERA INC | 0.830 | 2 | Ray Dalio, Stanley Druckenmiller |
| 10 | ALPHABET INC | 0.812 | 6 | Bill Ackman, George Soros, Jim Simons, Ray Dalio, Stanley Druckenmiller, Warren Buffett |
| 11 | NVIDIA CORPORATION | 0.801 | 5 | David Tepper, George Soros, Jim Simons, Michael Burry, Ray Dalio |
| 12 | META PLATFORMS INC | 0.779 | 6 | Bill Ackman, David Tepper, George Soros, Jim Simons, Ray Dalio, Stanley Druckenmiller |
| 13 | MICRON TECHNOLOGY INC | 0.771 | 4 | David Tepper, George Soros, Jim Simons, Ray Dalio |
| 14 | BROOKFIELD CORP | 0.705 | 1 | Bill Ackman |
| 15 | MICROSOFT CORP | 0.687 | 4 | Bill Ackman, George Soros, Jim Simons, Ray Dalio |
| 16 | GREEN BRICK PARTNERS INC | 0.578 | 1 | David Einhorn |
| 17 | COCA COLA CO | 0.553 | 4 | George Soros, Jim Simons, Ray Dalio, Warren Buffett |
| 18 | BANK OF AMER CORP | 0.467 | 2 | Ray Dalio, Warren Buffett |
| 19 | ELEVANCE HEALTH INC FORMERLY | 0.367 | 2 | Jim Simons, Seth Klarman |
| 20 | HOWARD HUGHES HOLDINGS INC | 0.348 | 2 | Bill Ackman, Jim Simons |
| 21 | INSMED INC | 0.290 | 2 | Ray Dalio, Stanley Druckenmiller |
| 22 | UNION PAC CORP | 0.258 | 3 | Jim Simons, Ray Dalio, Seth Klarman |
| 23 | CHEVRON CORPORATION | 0.256 | 3 | Jim Simons, Ray Dalio, Warren Buffett |
| 24 | FERGUSON ENTERPRISES INC | 0.256 | 3 | Jim Simons, Ray Dalio, Seth Klarman |
| 25 | VISTRA CORP | 0.248 | 4 | David Tepper, George Soros, Jim Simons, Ray Dalio |

## Sector/theme rollup (heuristic classification)

| Sector | Weighted score |
|---|---|
| Big Tech/Software/Internet | 9.386 |
| Other/Unclassified | 8.472 |
| Semiconductors/AI Hardware | 3.737 |
| Healthcare/Biotech/Pharma | 2.901 |
| Banks/Financials | 2.677 |
| Broad-Market ETFs/Index Products | 2.144 |
| Energy/Oil & Gas/Utilities | 2.052 |
| Consumer/Retail/Restaurants | 1.976 |
| Transportation/Travel | 1.348 |
| Real Estate/REIT | 1.061 |
| Industrials/Materials | 0.859 |
| Insurance | 0.585 |
| Media/Entertainment/Gaming | 0.338 |
| Payments/Fintech | 0.259 |
| Autos/EV | 0.204 |

## Changes since last check (2026-09-04)

No change in the top 25 since the last check.

**Biggest sector score moves:**
- Big Tech/Software/Internet: 9.386 (+0.000)
- Other/Unclassified: 8.472 (+0.000)
- Semiconductors/AI Hardware: 3.737 (+0.000)
- Healthcare/Biotech/Pharma: 2.901 (+0.000)
- Banks/Financials: 2.677 (+0.000)

## Notes

- 13Fs are filed within 45 days of quarter-end and only cover long US equities/options -- no shorts, macro, FX, futures, or cash. For macro-oriented funds (Druckenmiller, Soros, Bridgewater) this captures a small slice of the actual strategy.
- Because most funds only refile quarterly, most weekly checks will show "no change" in the underlying data -- this run mainly catches newly posted or amended filings within days rather than waiting for the next manual check.


Full report saved to C:\Users\adebe\OneDrive\Desktop\Markets\dayTrading\HedgeFundTracker\reports\2026-09-04.md

